
> bovweight-cr@0.0.1 build
> vue-tsc && vite build

src/modules/admin/pages/AdminDashboard.vue(145,18): error TS2345: Argument of type '{ class: string; chartData: { labels: string[]; datasets: { label: string; backgroundColor: string; borderColor: string; borderWidth: number; pointBackgroundColor: string; pointBorderColor: string; ... 4 more ...; tension: number; }[]; }; options: { ...; }; }' is not assignable to parameter of type 'Partial<{}> & Omit<{ readonly data: ChartData<"line", (number | Point | null)[], unknown>; readonly plugins?: Plugin<"line", AnyObject>[] | undefined; readonly options?: _DeepPartialObject<...> | undefined; readonly datasetIdKey?: string | undefined; readonly updateMode?: "default" | ... 6 more ... | undefined; } & ...'.
  Property 'data' is missing in type '{ class: string; chartData: { labels: string[]; datasets: { label: string; backgroundColor: string; borderColor: string; borderWidth: number; pointBackgroundColor: string; pointBorderColor: string; ... 4 more ...; tension: number; }[]; }; options: { ...; }; }' but required in type 'Omit<{ readonly data: ChartData<"line", (number | Point | null)[], unknown>; readonly plugins?: Plugin<"line", AnyObject>[] | undefined; readonly options?: _DeepPartialObject<...> | undefined; readonly datasetIdKey?: string | undefined; readonly updateMode?: "default" | ... 6 more ... | undefined; } & VNodeProps & A...'.
src/modules/ganado/pages/HomePage.vue(146,18): error TS2345: Argument of type '{ class: string; chartData: { labels: string[]; datasets: { label: string; backgroundColor: string; borderColor: string; borderWidth: number; pointBackgroundColor: string; pointBorderColor: string; pointRadius: number; fill: boolean; data: number[]; tension: number; }[]; }; options: { ...; }; }' is not assignable to parameter of type 'Partial<{}> & Omit<{ readonly data: ChartData<"line", (number | Point | null)[], unknown>; readonly plugins?: Plugin<"line", AnyObject>[] | undefined; readonly options?: _DeepPartialObject<...> | undefined; readonly datasetIdKey?: string | undefined; readonly updateMode?: "default" | ... 6 more ... | undefined; } & ...'.
  Property 'data' is missing in type '{ class: string; chartData: { labels: string[]; datasets: { label: string; backgroundColor: string; borderColor: string; borderWidth: number; pointBackgroundColor: string; pointBorderColor: string; pointRadius: number; fill: boolean; data: number[]; tension: number; }[]; }; options: { ...; }; }' but required in type 'Omit<{ readonly data: ChartData<"line", (number | Point | null)[], unknown>; readonly plugins?: Plugin<"line", AnyObject>[] | undefined; readonly options?: _DeepPartialObject<...> | undefined; readonly datasetIdKey?: string | undefined; readonly updateMode?: "default" | ... 6 more ... | undefined; } & VNodeProps & A...'.
src/modules/veterinario/pages/VeterinarioDashboard.vue(138,18): error TS2345: Argument of type '{ class: string; chartData: { labels: string[]; datasets: { label: string; backgroundColor: string; borderColor: string; borderWidth: number; pointBackgroundColor: string; pointBorderColor: string; pointRadius: number; fill: boolean; data: number[]; tension: number; }[]; }; options: { ...; }; }' is not assignable to parameter of type 'Partial<{}> & Omit<{ readonly data: ChartData<"line", (number | Point | null)[], unknown>; readonly plugins?: Plugin<"line", AnyObject>[] | undefined; readonly options?: _DeepPartialObject<...> | undefined; readonly datasetIdKey?: string | undefined; readonly updateMode?: "default" | ... 6 more ... | undefined; } & ...'.
  Property 'data' is missing in type '{ class: string; chartData: { labels: string[]; datasets: { label: string; backgroundColor: string; borderColor: string; borderWidth: number; pointBackgroundColor: string; pointBorderColor: string; pointRadius: number; fill: boolean; data: number[]; tension: number; }[]; }; options: { ...; }; }' but required in type 'Omit<{ readonly data: ChartData<"line", (number | Point | null)[], unknown>; readonly plugins?: Plugin<"line", AnyObject>[] | undefined; readonly options?: _DeepPartialObject<...> | undefined; readonly datasetIdKey?: string | undefined; readonly updateMode?: "default" | ... 6 more ... | undefined; } & VNodeProps & A...'.
